
     a     b     c     d     e     f     g     h   
  +-----+-----+-----+-----+-----+-----+-----+-----+
8 |  ♜  |  ♞  |  ♝  |  ♚  |  ♛  |  ♝  |  ♞  |  ♜  |
  +-----+-----+-----+-----+-----+-----+-----+-----+
7 |  ♟  |  ♟  |  ♟  |  ♟  |  ♟  |  ♟  |  ♟  |  ♟  |
  +-----+-----+-----+-----+-----+-----+-----+-----+
6 |     |     |     |     |     |     |     |     |
  +-----+-----+-----+-----+-----+-----+-----+-----+
5 |     |     |     |     |     |     |     |     |
  +-----+-----+-----+-----+-----+-----+-----+-----+
4 |     |     |     |     |     |     |     |     |
  +-----+-----+-----+-----+-----+-----+-----+-----+
3 |     |     |     |     |     |     |     |     |
  +-----+-----+-----+-----+-----+-----+-----+-----+
2 |  ♙  |  ♙  |  ♙  |  ♙  |  ♙  |  ♙  |  ♙  |  ♙  |
  +-----+-----+-----+-----+-----+-----+-----+-----+
1 |  ♖  |  ♘  |  ♗  |  ♕  |  ♔  |  ♗  |  ♘  |  ♖  |
  +-----+-----+-----+-----+-----+-----+-----+-----+
White team, your move.
Moving (4 ; 1) to (4 ; 3)

     a     b     c     d     e     f     g     h   
  +-----+-----+-----+-----+-----+-----+-----+-----+
8 |  ♜  |  ♞  |  ♝  |  ♚  |  ♛  |  ♝  |  ♞  |  ♜  |
  +-----+-----+-----+-----+-----+-----+-----+-----+
7 |  ♟  |  ♟  |  ♟  |  ♟  |  ♟  |  ♟  |  ♟  |  ♟  |
  +-----+-----+-----+-----+-----+-----+-----+-----+
6 |     |     |     |     |     |     |     |     |
  +-----+-----+-----+-----+-----+-----+-----+-----+
5 |     |     |     |     |     |     |     |     |
  +-----+-----+-----+-----+-----+-----+-----+-----+
4 |     |     |     |     |  ♙  |     |     |     |
  +-----+-----+-----+-----+-----+-----+-----+-----+
3 |     |     |     |     |     |     |     |     |
  +-----+-----+-----+-----+-----+-----+-----+-----+
2 |  ♙  |  ♙  |  ♙  |  ♙  |     |  ♙  |  ♙  |  ♙  |
  +-----+-----+-----+-----+-----+-----+-----+-----+
1 |  ♖  |  ♘  |  ♗  |  ♕  |  ♔  |  ♗  |  ♘  |  ♖  |
  +-----+-----+-----+-----+-----+-----+-----+-----+
Black team, your move.
Moving (4 ; 6) to (4 ; 4)

     a     b     c     d     e     f     g     h   
  +-----+-----+-----+-----+-----+-----+-----+-----+
8 |  ♜  |  ♞  |  ♝  |  ♚  |  ♛  |  ♝  |  ♞  |  ♜  |
  +-----+-----+-----+-----+-----+-----+-----+-----+
7 |  ♟  |  ♟  |  ♟  |  ♟  |     |  ♟  |  ♟  |  ♟  |
  +-----+-----+-----+-----+-----+-----+-----+-----+
6 |     |     |     |     |     |     |     |     |
  +-----+-----+-----+-----+-----+-----+-----+-----+
5 |     |     |     |     |  ♟  |     |     |     |
  +-----+-----+-----+-----+-----+-----+-----+-----+
4 |     |     |     |     |  ♙  |     |     |     |
  +-----+-----+-----+-----+-----+-----+-----+-----+
3 |     |     |     |     |     |     |     |     |
  +-----+-----+-----+-----+-----+-----+-----+-----+
2 |  ♙  |  ♙  |  ♙  |  ♙  |     |  ♙  |  ♙  |  ♙  |
  +-----+-----+-----+-----+-----+-----+-----+-----+
1 |  ♖  |  ♘  |  ♗  |  ♕  |  ♔  |  ♗  |  ♘  |  ♖  |
  +-----+-----+-----+-----+-----+-----+-----+-----+
White team, your move.
Moving (5 ; 0) to (2 ; 3)

     a     b     c     d     e     f     g     h   
  +-----+-----+-----+-----+-----+-----+-----+-----+
8 |  ♜  |  ♞  |  ♝  |  ♚  |  ♛  |  ♝  |  ♞  |  ♜  |
  +-----+-----+-----+-----+-----+-----+-----+-----+
7 |  ♟  |  ♟  |  ♟  |  ♟  |     |  ♟  |  ♟  |  ♟  |
  +-----+-----+-----+-----+-----+-----+-----+-----+
6 |     |     |     |     |     |     |     |     |
  +-----+-----+-----+-----+-----+-----+-----+-----+
5 |     |     |     |     |  ♟  |     |     |     |
  +-----+-----+-----+-----+-----+-----+-----+-----+
4 |     |     |  ♗  |     |  ♙  |     |     |     |
  +-----+-----+-----+-----+-----+-----+-----+-----+
3 |     |     |     |     |     |     |     |     |
  +-----+-----+-----+-----+-----+-----+-----+-----+
2 |  ♙  |  ♙  |  ♙  |  ♙  |     |  ♙  |  ♙  |  ♙  |
  +-----+-----+-----+-----+-----+-----+-----+-----+
1 |  ♖  |  ♘  |  ♗  |  ♕  |  ♔  |     |  ♘  |  ♖  |
  +-----+-----+-----+-----+-----+-----+-----+-----+
Black team, your move.
Moving (6 ; 7) to (5 ; 5)

     a     b     c     d     e     f     g     h   
  +-----+-----+-----+-----+-----+-----+-----+-----+
8 |  ♜  |  ♞  |  ♝  |  ♚  |  ♛  |  ♝  |     |  ♜  |
  +-----+-----+-----+-----+-----+-----+-----+-----+
7 |  ♟  |  ♟  |  ♟  |  ♟  |     |  ♟  |  ♟  |  ♟  |
  +-----+-----+-----+-----+-----+-----+-----+-----+
6 |     |     |     |     |     |  ♞  |     |     |
  +-----+-----+-----+-----+-----+-----+-----+-----+
5 |     |     |     |     |  ♟  |     |     |     |
  +-----+-----+-----+-----+-----+-----+-----+-----+
4 |     |     |  ♗  |     |  ♙  |     |     |     |
  +-----+-----+-----+-----+-----+-----+-----+-----+
3 |     |     |     |     |     |     |     |     |
  +-----+-----+-----+-----+-----+-----+-----+-----+
2 |  ♙  |  ♙  |  ♙  |  ♙  |     |  ♙  |  ♙  |  ♙  |
  +-----+-----+-----+-----+-----+-----+-----+-----+
1 |  ♖  |  ♘  |  ♗  |  ♕  |  ♔  |     |  ♘  |  ♖  |
  +-----+-----+-----+-----+-----+-----+-----+-----+
White team, your move.
Moving (6 ; 0) to (5 ; 2)

     a     b     c     d     e     f     g     h   
  +-----+-----+-----+-----+-----+-----+-----+-----+
8 |  ♜  |  ♞  |  ♝  |  ♚  |  ♛  |  ♝  |     |  ♜  |
  +-----+-----+-----+-----+-----+-----+-----+-----+
7 |  ♟  |  ♟  |  ♟  |  ♟  |     |  ♟  |  ♟  |  ♟  |
  +-----+-----+-----+-----+-----+-----+-----+-----+
6 |     |     |     |     |     |  ♞  |     |     |
  +-----+-----+-----+-----+-----+-----+-----+-----+
5 |     |     |     |     |  ♟  |     |     |     |
  +-----+-----+-----+-----+-----+-----+-----+-----+
4 |     |     |  ♗  |     |  ♙  |     |     |     |
  +-----+-----+-----+-----+-----+-----+-----+-----+
3 |     |     |     |     |     |  ♘  |     |     |
  +-----+-----+-----+-----+-----+-----+-----+-----+
2 |  ♙  |  ♙  |  ♙  |  ♙  |     |  ♙  |  ♙  |  ♙  |
  +-----+-----+-----+-----+-----+-----+-----+-----+
1 |  ♖  |  ♘  |  ♗  |  ♕  |  ♔  |     |     |  ♖  |
  +-----+-----+-----+-----+-----+-----+-----+-----+
Black team, your move.
Moving (5 ; 7) to (1 ; 3)

     a     b     c     d     e     f     g     h   
  +-----+-----+-----+-----+-----+-----+-----+-----+
8 |  ♜  |  ♞  |  ♝  |  ♚  |  ♛  |     |     |  ♜  |
  +-----+-----+-----+-----+-----+-----+-----+-----+
7 |  ♟  |  ♟  |  ♟  |  ♟  |     |  ♟  |  ♟  |  ♟  |
  +-----+-----+-----+-----+-----+-----+-----+-----+
6 |     |     |     |     |     |  ♞  |     |     |
  +-----+-----+-----+-----+-----+-----+-----+-----+
5 |     |     |     |     |  ♟  |     |     |     |
  +-----+-----+-----+-----+-----+-----+-----+-----+
4 |     |  ♝  |  ♗  |     |  ♙  |     |     |     |
  +-----+-----+-----+-----+-----+-----+-----+-----+
3 |     |     |     |     |     |  ♘  |     |     |
  +-----+-----+-----+-----+-----+-----+-----+-----+
2 |  ♙  |  ♙  |  ♙  |  ♙  |     |  ♙  |  ♙  |  ♙  |
  +-----+-----+-----+-----+-----+-----+-----+-----+
1 |  ♖  |  ♘  |  ♗  |  ♕  |  ♔  |     |     |  ♖  |
  +-----+-----+-----+-----+-----+-----+-----+-----+
White team, your move.
Moving (0 ; 1) to (0 ; 2)

     a     b     c     d     e     f     g     h   
  +-----+-----+-----+-----+-----+-----+-----+-----+
8 |  ♜  |  ♞  |  ♝  |  ♚  |  ♛  |     |     |  ♜  |
  +-----+-----+-----+-----+-----+-----+-----+-----+
7 |  ♟  |  ♟  |  ♟  |  ♟  |     |  ♟  |  ♟  |  ♟  |
  +-----+-----+-----+-----+-----+-----+-----+-----+
6 |     |     |     |     |     |  ♞  |     |     |
  +-----+-----+-----+-----+-----+-----+-----+-----+
5 |     |     |     |     |  ♟  |     |     |     |
  +-----+-----+-----+-----+-----+-----+-----+-----+
4 |     |  ♝  |  ♗  |     |  ♙  |     |     |     |
  +-----+-----+-----+-----+-----+-----+-----+-----+
3 |  ♙  |     |     |     |     |  ♘  |     |     |
  +-----+-----+-----+-----+-----+-----+-----+-----+
2 |     |  ♙  |  ♙  |  ♙  |     |  ♙  |  ♙  |  ♙  |
  +-----+-----+-----+-----+-----+-----+-----+-----+
1 |  ♖  |  ♘  |  ♗  |  ♕  |  ♔  |     |     |  ♖  |
  +-----+-----+-----+-----+-----+-----+-----+-----+
Black team, your move.
Moving (7 ; 6) to (7 ; 5)

     a     b     c     d     e     f     g     h   
  +-----+-----+-----+-----+-----+-----+-----+-----+
8 |  ♜  |  ♞  |  ♝  |  ♚  |  ♛  |     |     |  ♜  |
  +-----+-----+-----+-----+-----+-----+-----+-----+
7 |  ♟  |  ♟  |  ♟  |  ♟  |     |  ♟  |  ♟  |     |
  +-----+-----+-----+-----+-----+-----+-----+-----+
6 |     |     |     |     |     |  ♞  |     |  ♟  |
  +-----+-----+-----+-----+-----+-----+-----+-----+
5 |     |     |     |     |  ♟  |     |     |     |
  +-----+-----+-----+-----+-----+-----+-----+-----+
4 |     |  ♝  |  ♗  |     |  ♙  |     |     |     |
  +-----+-----+-----+-----+-----+-----+-----+-----+
3 |  ♙  |     |     |     |     |  ♘  |     |     |
  +-----+-----+-----+-----+-----+-----+-----+-----+
2 |     |  ♙  |  ♙  |  ♙  |     |  ♙  |  ♙  |  ♙  |
  +-----+-----+-----+-----+-----+-----+-----+-----+
1 |  ♖  |  ♘  |  ♗  |  ♕  |  ♔  |     |     |  ♖  |
  +-----+-----+-----+-----+-----+-----+-----+-----+
White team, your move.
